aa
阿JJ
kjlkd
很大客户
